// Jest Snapshot v1, https://goo.gl/fbAQLP

exports[`"cache" option should work with the "false" value for the "cache" option: assets 1`] = `
Object {
  "five.css": "body{color:red;font-size:20px}a{color:blue}",
  "four.css": "h1{color:green}h2{color:#ff0}",
  "one.css": "a{text-align:center}",
  "three.css": "body{color:red;font-size:20px}a{color:blue}",
  "two.css": "a{text-align:center}",
}
`;

exports[`"cache" option should work with the "false" value for the "cache" option: assets 2`] = `
Object {
  "five.css": "body{color:red;font-size:20px}a{color:blue}",
  "four.css": "h1{color:green}h2{color:#ff0}",
  "one.css": "a{text-align:center}",
  "three.css": "body{color:red;font-size:20px}a{color:blue}",
  "two.css": "a{text-align:center}",
}
`;

exports[`"cache" option should work with the "false" value for the "cache" option: errors 1`] = `Array []`;

exports[`"cache" option should work with the "false" value for the "cache" option: errors 2`] = `Array []`;

exports[`"cache" option should work with the "false" value for the "cache" option: warnings 1`] = `Array []`;

exports[`"cache" option should work with the "false" value for the "cache" option: warnings 2`] = `Array []`;

exports[`"cache" option should work with the "filesystem" value for the "cache.type" option and output warnings: assets 1`] = `
Object {
  "five.css": "body {
  color: red;
}
body {
  color: red;
  font-size: 20px;
}
a {
  color: blue;
}

",
  "four.css": "h1 {
  color: green;
}
h2 {
  color: yellow;
}
h3 {
}

",
  "one.css": "a {
  text-align: center;
}

",
  "three.css": "body {
  color: red;
}
body {
  color: red;
  font-size: 20px;
}
a {
  color: blue;
}

",
  "two.css": "a {
  text-align: center;
}

",
}
`;

exports[`"cache" option should work with the "filesystem" value for the "cache.type" option and output warnings: assets 2`] = `
Object {
  "five.css": "body {
  color: red;
}
body {
  color: red;
  font-size: 20px;
}
a {
  color: blue;
}

",
  "four.css": "h1 {
  color: green;
}
h2 {
  color: yellow;
}
h3 {
}

",
  "one.css": "a {
  text-align: center;
}

",
  "three.css": "body {
  color: red;
}
body {
  color: red;
  font-size: 20px;
}
a {
  color: blue;
}

",
  "two.css": "a {
  text-align: center;
}

",
}
`;

exports[`"cache" option should work with the "filesystem" value for the "cache.type" option and output warnings: errors 1`] = `Array []`;

exports[`"cache" option should work with the "filesystem" value for the "cache.type" option and output warnings: errors 2`] = `Array []`;

exports[`"cache" option should work with the "filesystem" value for the "cache.type" option and output warnings: warnings 1`] = `
Array [
  "Warning: five.css from Css Minimizer plugin
[warning-plugin] Warning from five.css",
  "Warning: four.css from Css Minimizer plugin
[warning-plugin] Warning from four.css",
  "Warning: one.css from Css Minimizer plugin
[warning-plugin] Warning from one.css",
  "Warning: three.css from Css Minimizer plugin
[warning-plugin] Warning from three.css",
  "Warning: two.css from Css Minimizer plugin
[warning-plugin] Warning from two.css",
]
`;

exports[`"cache" option should work with the "filesystem" value for the "cache.type" option and output warnings: warnings 2`] = `
Array [
  "Warning: five.css from Css Minimizer plugin
[warning-plugin] Warning from five.css",
  "Warning: four.css from Css Minimizer plugin
[warning-plugin] Warning from four.css",
  "Warning: one.css from Css Minimizer plugin
[warning-plugin] Warning from one.css",
  "Warning: three.css from Css Minimizer plugin
[warning-plugin] Warning from three.css",
  "Warning: two.css from Css Minimizer plugin
[warning-plugin] Warning from two.css",
]
`;

exports[`"cache" option should work with the "filesystem" value for the "cache.type" option and source maps: assets 1`] = `
Object {
  "five.css": "body{color:red;font-size:20px}a{color:blue}
/*# sourceMappingURL=five.css.map*/",
  "five.css.map": "{\\"version\\":3,\\"file\\":\\"five.css\\",\\"mappings\\":\\"AAGA,KACE,SAAU,CACV,cACF,CACA,EACE,UACF\\",\\"sources\\":[\\"webpack:///./test/bar1.css\\"],\\"sourcesContent\\":[\\"body {\\\\r\\\\n  color: red;\\\\r\\\\n}\\\\r\\\\nbody {\\\\r\\\\n  color: red;\\\\r\\\\n  font-size: 20px;\\\\r\\\\n}\\\\r\\\\na {\\\\r\\\\n  color: blue;\\\\r\\\\n}\\\\r\\\\n\\"],\\"names\\":[],\\"sourceRoot\\":\\"\\"}",
  "four.css": "h1{color:green}h2{color:#ff0}
/*# sourceMappingURL=four.css.map*/",
  "four.css.map": "{\\"version\\":3,\\"file\\":\\"four.css\\",\\"mappings\\":\\"AAAA,GACE,WACF,CACA,GACE,UACF\\",\\"sources\\":[\\"webpack:///./test/bar2.css\\"],\\"sourcesContent\\":[\\"h1 {\\\\r\\\\n  color: green;\\\\r\\\\n}\\\\r\\\\nh2 {\\\\r\\\\n  color: yellow;\\\\r\\\\n}\\\\r\\\\nh3 {\\\\r\\\\n}\\\\r\\\\n\\"],\\"names\\":[],\\"sourceRoot\\":\\"\\"}",
  "one.css": "a{text-align:center}
/*# sourceMappingURL=one.css.map*/",
  "one.css.map": "{\\"version\\":3,\\"file\\":\\"one.css\\",\\"mappings\\":\\"AAAA,EACE,iBACF\\",\\"sources\\":[\\"webpack:///./test/foo.css\\"],\\"sourcesContent\\":[\\"a {\\\\r\\\\n  text-align: center;\\\\r\\\\n}\\\\r\\\\n\\"],\\"names\\":[],\\"sourceRoot\\":\\"\\"}",
  "three.css": "body{color:red;font-size:20px}a{color:blue}
/*# sourceMappingURL=three.css.map*/",
  "three.css.map": "{\\"version\\":3,\\"file\\":\\"three.css\\",\\"mappings\\":\\"AAGA,KACE,SAAU,CACV,cACF,CACA,EACE,UACF\\",\\"sources\\":[\\"webpack:///./test/bar1.css\\"],\\"sourcesContent\\":[\\"body {\\\\r\\\\n  color: red;\\\\r\\\\n}\\\\r\\\\nbody {\\\\r\\\\n  color: red;\\\\r\\\\n  font-size: 20px;\\\\r\\\\n}\\\\r\\\\na {\\\\r\\\\n  color: blue;\\\\r\\\\n}\\\\r\\\\n\\"],\\"names\\":[],\\"sourceRoot\\":\\"\\"}",
  "two.css": "a{text-align:center}
/*# sourceMappingURL=two.css.map*/",
  "two.css.map": "{\\"version\\":3,\\"file\\":\\"two.css\\",\\"mappings\\":\\"AAAA,EACE,iBACF\\",\\"sources\\":[\\"webpack:///./test/foo.css\\"],\\"sourcesContent\\":[\\"a {\\\\r\\\\n  text-align: center;\\\\r\\\\n}\\\\r\\\\n\\"],\\"names\\":[],\\"sourceRoot\\":\\"\\"}",
}
`;

exports[`"cache" option should work with the "filesystem" value for the "cache.type" option and source maps: assets 2`] = `
Object {
  "five.css": "body{color:red;font-size:20px}a{color:blue}
/*# sourceMappingURL=five.css.map*/",
  "five.css.map": "{\\"version\\":3,\\"file\\":\\"five.css\\",\\"mappings\\":\\"AAGA,KACE,SAAU,CACV,cACF,CACA,EACE,UACF\\",\\"sources\\":[\\"webpack:///./test/bar1.css\\"],\\"sourcesContent\\":[\\"body {\\\\r\\\\n  color: red;\\\\r\\\\n}\\\\r\\\\nbody {\\\\r\\\\n  color: red;\\\\r\\\\n  font-size: 20px;\\\\r\\\\n}\\\\r\\\\na {\\\\r\\\\n  color: blue;\\\\r\\\\n}\\\\r\\\\n\\"],\\"names\\":[],\\"sourceRoot\\":\\"\\"}",
  "four.css": "h1{color:green}h2{color:#ff0}
/*# sourceMappingURL=four.css.map*/",
  "four.css.map": "{\\"version\\":3,\\"file\\":\\"four.css\\",\\"mappings\\":\\"AAAA,GACE,WACF,CACA,GACE,UACF\\",\\"sources\\":[\\"webpack:///./test/bar2.css\\"],\\"sourcesContent\\":[\\"h1 {\\\\r\\\\n  color: green;\\\\r\\\\n}\\\\r\\\\nh2 {\\\\r\\\\n  color: yellow;\\\\r\\\\n}\\\\r\\\\nh3 {\\\\r\\\\n}\\\\r\\\\n\\"],\\"names\\":[],\\"sourceRoot\\":\\"\\"}",
  "one.css": "a{text-align:center}
/*# sourceMappingURL=one.css.map*/",
  "one.css.map": "{\\"version\\":3,\\"file\\":\\"one.css\\",\\"mappings\\":\\"AAAA,EACE,iBACF\\",\\"sources\\":[\\"webpack:///./test/foo.css\\"],\\"sourcesContent\\":[\\"a {\\\\r\\\\n  text-align: center;\\\\r\\\\n}\\\\r\\\\n\\"],\\"names\\":[],\\"sourceRoot\\":\\"\\"}",
  "three.css": "body{color:red;font-size:20px}a{color:blue}
/*# sourceMappingURL=three.css.map*/",
  "three.css.map": "{\\"version\\":3,\\"file\\":\\"three.css\\",\\"mappings\\":\\"AAGA,KACE,SAAU,CACV,cACF,CACA,EACE,UACF\\",\\"sources\\":[\\"webpack:///./test/bar1.css\\"],\\"sourcesContent\\":[\\"body {\\\\r\\\\n  color: red;\\\\r\\\\n}\\\\r\\\\nbody {\\\\r\\\\n  color: red;\\\\r\\\\n  font-size: 20px;\\\\r\\\\n}\\\\r\\\\na {\\\\r\\\\n  color: blue;\\\\r\\\\n}\\\\r\\\\n\\"],\\"names\\":[],\\"sourceRoot\\":\\"\\"}",
  "two.css": "a{text-align:center}
/*# sourceMappingURL=two.css.map*/",
  "two.css.map": "{\\"version\\":3,\\"file\\":\\"two.css\\",\\"mappings\\":\\"AAAA,EACE,iBACF\\",\\"sources\\":[\\"webpack:///./test/foo.css\\"],\\"sourcesContent\\":[\\"a {\\\\r\\\\n  text-align: center;\\\\r\\\\n}\\\\r\\\\n\\"],\\"names\\":[],\\"sourceRoot\\":\\"\\"}",
}
`;

exports[`"cache" option should work with the "filesystem" value for the "cache.type" option and source maps: errors 1`] = `Array []`;

exports[`"cache" option should work with the "filesystem" value for the "cache.type" option and source maps: errors 2`] = `Array []`;

exports[`"cache" option should work with the "filesystem" value for the "cache.type" option and source maps: warnings 1`] = `Array []`;

exports[`"cache" option should work with the "filesystem" value for the "cache.type" option and source maps: warnings 2`] = `Array []`;

exports[`"cache" option should work with the "filesystem" value for the "cache.type" option: assets 1`] = `
Object {
  "five.css": "body{color:red;font-size:20px}a{color:blue}",
  "four.css": "h1{color:green}h2{color:#ff0}",
  "one.css": "a{text-align:center}",
  "three.css": "body{color:red;font-size:20px}a{color:blue}",
  "two.css": "a{text-align:center}",
}
`;

exports[`"cache" option should work with the "filesystem" value for the "cache.type" option: assets 2`] = `
Object {
  "five.css": "body{color:red;font-size:20px}a{color:blue}",
  "four.css": "h1{color:green}h2{color:#ff0}",
  "one.css": "a{text-align:center}",
  "three.css": "body{color:red;font-size:20px}a{color:blue}",
  "two.css": "a{text-align:center}",
}
`;

exports[`"cache" option should work with the "filesystem" value for the "cache.type" option: errors 1`] = `Array []`;

exports[`"cache" option should work with the "filesystem" value for the "cache.type" option: errors 2`] = `Array []`;

exports[`"cache" option should work with the "filesystem" value for the "cache.type" option: warnings 1`] = `Array []`;

exports[`"cache" option should work with the "filesystem" value for the "cache.type" option: warnings 2`] = `Array []`;

exports[`"cache" option should work with the "memory" value for the "cache.type" option: assets 1`] = `
Object {
  "five.css": "body{color:red;font-size:20px}a{color:blue}",
  "four.css": "h1{color:green}h2{color:#ff0}",
  "one.css": "a{text-align:center}",
  "three.css": "body{color:red;font-size:20px}a{color:blue}",
  "two.css": "a{text-align:center}",
}
`;

exports[`"cache" option should work with the "memory" value for the "cache.type" option: assets 2`] = `
Object {
  "five.css": "body{color:red;font-size:20px}a{color:blue}",
  "four.css": "h1{color:green}h2{color:#ff0}",
  "one.css": "a{text-align:center}",
  "three.css": "body{color:red;font-size:20px}a{color:blue}",
  "two.css": "a{text-align:center}",
}
`;

exports[`"cache" option should work with the "memory" value for the "cache.type" option: errors 1`] = `Array []`;

exports[`"cache" option should work with the "memory" value for the "cache.type" option: errors 2`] = `Array []`;

exports[`"cache" option should work with the "memory" value for the "cache.type" option: warnings 1`] = `Array []`;

exports[`"cache" option should work with the "memory" value for the "cache.type" option: warnings 2`] = `Array []`;
