// Jest Snapshot v1, https://goo.gl/fbAQLP

exports[`"cache" option should work with the "false" value for the "cache" option: assets 1`] = `
Object {
  "five.css": "body{color:red;font-size:20px}a{color:blue}",
  "four.css": "h1{color:green}h2{color:#ff0}",
  "one.css": "a{text-align:center}",
  "three.css": "body{color:red;font-size:20px}a{color:blue}",
  "two.css": "a{text-align:center}",
}
`;

exports[`"cache" option should work with the "false" value for the "cache" option: assets 2`] = `
Object {
  "five.css": "body{color:red;font-size:20px}a{color:blue}",
  "four.css": "h1{color:green}h2{color:#ff0}",
  "one.css": "a{text-align:center}",
  "three.css": "body{color:red;font-size:20px}a{color:blue}",
  "two.css": "a{text-align:center}",
}
`;

exports[`"cache" option should work with the "false" value for the "cache" option: errors 1`] = `Array []`;

exports[`"cache" option should work with the "false" value for the "cache" option: errors 2`] = `Array []`;

exports[`"cache" option should work with the "false" value for the "cache" option: warnings 1`] = `Array []`;

exports[`"cache" option should work with the "false" value for the "cache" option: warnings 2`] = `Array []`;

exports[`"cache" option should work with the "filesystem" value for the "cache.type" option and output warnings: assets 1`] = `
Object {
  "five.css": "body {
  color: red;
}
body {
  color: red;
  font-size: 20px;
}
a {
  color: blue;
}

",
  "four.css": "h1 {
  color: green;
}
h2 {
  color: yellow;
}
h3 {
}

",
  "one.css": "a {
  text-align: center;
}

",
  "three.css": "body {
  color: red;
}
body {
  color: red;
  font-size: 20px;
}
a {
  color: blue;
}

",
  "two.css": "a {
  text-align: center;
}

",
}
`;

exports[`"cache" option should work with the "filesystem" value for the "cache.type" option and output warnings: assets 2`] = `
Object {
  "five.css": "body {
  color: red;
}
body {
  color: red;
  font-size: 20px;
}
a {
  color: blue;
}

",
  "four.css": "h1 {
  color: green;
}
h2 {
  color: yellow;
}
h3 {
}

",
  "one.css": "a {
  text-align: center;
}

",
  "three.css": "body {
  color: red;
}
body {
  color: red;
  font-size: 20px;
}
a {
  color: blue;
}

",
  "two.css": "a {
  text-align: center;
}

",
}
`;

exports[`"cache" option should work with the "filesystem" value for the "cache.type" option and output warnings: errors 1`] = `Array []`;

exports[`"cache" option should work with the "filesystem" value for the "cache.type" option and output warnings: errors 2`] = `Array []`;

exports[`"cache" option should work with the "filesystem" value for the "cache.type" option and output warnings: warnings 1`] = `
Array [
  "Warning: Css Minimizer Plugin: warning-plugin: Warning from five.css ",
  "Warning: Css Minimizer Plugin: warning-plugin: Warning from four.css ",
  "Warning: Css Minimizer Plugin: warning-plugin: Warning from one.css ",
  "Warning: Css Minimizer Plugin: warning-plugin: Warning from three.css ",
  "Warning: Css Minimizer Plugin: warning-plugin: Warning from two.css ",
]
`;

exports[`"cache" option should work with the "filesystem" value for the "cache.type" option and output warnings: warnings 2`] = `
Array [
  "Warning: Css Minimizer Plugin: warning-plugin: Warning from five.css ",
  "Warning: Css Minimizer Plugin: warning-plugin: Warning from four.css ",
  "Warning: Css Minimizer Plugin: warning-plugin: Warning from one.css ",
  "Warning: Css Minimizer Plugin: warning-plugin: Warning from three.css ",
  "Warning: Css Minimizer Plugin: warning-plugin: Warning from two.css ",
]
`;

exports[`"cache" option should work with the "filesystem" value for the "cache.type" option and source maps: assets 1`] = `
Object {
  "five.css": "body{color:red;font-size:20px}a{color:blue}
/*# sourceMappingURL=five.css.map*/",
  "five.css.map": "{\\"version\\":3,\\"file\\":\\"five.css\\",\\"mappings\\":\\"AAGA,KACE,SAAU,CACV,cACF,CACA,EACE,UACF\\",\\"sources\\":[\\"webpack:///./test/bar1.css\\"],\\"sourcesContent\\":[\\"body {\\\\n  color: red;\\\\n}\\\\nbody {\\\\n  color: red;\\\\n  font-size: 20px;\\\\n}\\\\na {\\\\n  color: blue;\\\\n}\\\\n\\"],\\"names\\":[],\\"sourceRoot\\":\\"\\"}",
  "four.css": "h1{color:green}h2{color:#ff0}
/*# sourceMappingURL=four.css.map*/",
  "four.css.map": "{\\"version\\":3,\\"file\\":\\"four.css\\",\\"mappings\\":\\"AAAA,GACE,WACF,CACA,GACE,UACF\\",\\"sources\\":[\\"webpack:///./test/bar2.css\\"],\\"sourcesContent\\":[\\"h1 {\\\\n  color: green;\\\\n}\\\\nh2 {\\\\n  color: yellow;\\\\n}\\\\nh3 {\\\\n}\\\\n\\"],\\"names\\":[],\\"sourceRoot\\":\\"\\"}",
  "one.css": "a{text-align:center}
/*# sourceMappingURL=one.css.map*/",
  "one.css.map": "{\\"version\\":3,\\"file\\":\\"one.css\\",\\"mappings\\":\\"AAAA,EACE,iBACF\\",\\"sources\\":[\\"webpack:///./test/foo.css\\"],\\"sourcesContent\\":[\\"a {\\\\n  text-align: center;\\\\n}\\\\n\\"],\\"names\\":[],\\"sourceRoot\\":\\"\\"}",
  "three.css": "body{color:red;font-size:20px}a{color:blue}
/*# sourceMappingURL=three.css.map*/",
  "three.css.map": "{\\"version\\":3,\\"file\\":\\"three.css\\",\\"mappings\\":\\"AAGA,KACE,SAAU,CACV,cACF,CACA,EACE,UACF\\",\\"sources\\":[\\"webpack:///./test/bar1.css\\"],\\"sourcesContent\\":[\\"body {\\\\n  color: red;\\\\n}\\\\nbody {\\\\n  color: red;\\\\n  font-size: 20px;\\\\n}\\\\na {\\\\n  color: blue;\\\\n}\\\\n\\"],\\"names\\":[],\\"sourceRoot\\":\\"\\"}",
  "two.css": "a{text-align:center}
/*# sourceMappingURL=two.css.map*/",
  "two.css.map": "{\\"version\\":3,\\"file\\":\\"two.css\\",\\"mappings\\":\\"AAAA,EACE,iBACF\\",\\"sources\\":[\\"webpack:///./test/foo.css\\"],\\"sourcesContent\\":[\\"a {\\\\n  text-align: center;\\\\n}\\\\n\\"],\\"names\\":[],\\"sourceRoot\\":\\"\\"}",
}
`;

exports[`"cache" option should work with the "filesystem" value for the "cache.type" option and source maps: assets 2`] = `
Object {
  "five.css": "body{color:red;font-size:20px}a{color:blue}
/*# sourceMappingURL=five.css.map*/",
  "five.css.map": "{\\"version\\":3,\\"file\\":\\"five.css\\",\\"mappings\\":\\"AAGA,KACE,SAAU,CACV,cACF,CACA,EACE,UACF\\",\\"sources\\":[\\"webpack:///./test/bar1.css\\"],\\"sourcesContent\\":[\\"body {\\\\n  color: red;\\\\n}\\\\nbody {\\\\n  color: red;\\\\n  font-size: 20px;\\\\n}\\\\na {\\\\n  color: blue;\\\\n}\\\\n\\"],\\"names\\":[],\\"sourceRoot\\":\\"\\"}",
  "four.css": "h1{color:green}h2{color:#ff0}
/*# sourceMappingURL=four.css.map*/",
  "four.css.map": "{\\"version\\":3,\\"file\\":\\"four.css\\",\\"mappings\\":\\"AAAA,GACE,WACF,CACA,GACE,UACF\\",\\"sources\\":[\\"webpack:///./test/bar2.css\\"],\\"sourcesContent\\":[\\"h1 {\\\\n  color: green;\\\\n}\\\\nh2 {\\\\n  color: yellow;\\\\n}\\\\nh3 {\\\\n}\\\\n\\"],\\"names\\":[],\\"sourceRoot\\":\\"\\"}",
  "one.css": "a{text-align:center}
/*# sourceMappingURL=one.css.map*/",
  "one.css.map": "{\\"version\\":3,\\"file\\":\\"one.css\\",\\"mappings\\":\\"AAAA,EACE,iBACF\\",\\"sources\\":[\\"webpack:///./test/foo.css\\"],\\"sourcesContent\\":[\\"a {\\\\n  text-align: center;\\\\n}\\\\n\\"],\\"names\\":[],\\"sourceRoot\\":\\"\\"}",
  "three.css": "body{color:red;font-size:20px}a{color:blue}
/*# sourceMappingURL=three.css.map*/",
  "three.css.map": "{\\"version\\":3,\\"file\\":\\"three.css\\",\\"mappings\\":\\"AAGA,KACE,SAAU,CACV,cACF,CACA,EACE,UACF\\",\\"sources\\":[\\"webpack:///./test/bar1.css\\"],\\"sourcesContent\\":[\\"body {\\\\n  color: red;\\\\n}\\\\nbody {\\\\n  color: red;\\\\n  font-size: 20px;\\\\n}\\\\na {\\\\n  color: blue;\\\\n}\\\\n\\"],\\"names\\":[],\\"sourceRoot\\":\\"\\"}",
  "two.css": "a{text-align:center}
/*# sourceMappingURL=two.css.map*/",
  "two.css.map": "{\\"version\\":3,\\"file\\":\\"two.css\\",\\"mappings\\":\\"AAAA,EACE,iBACF\\",\\"sources\\":[\\"webpack:///./test/foo.css\\"],\\"sourcesContent\\":[\\"a {\\\\n  text-align: center;\\\\n}\\\\n\\"],\\"names\\":[],\\"sourceRoot\\":\\"\\"}",
}
`;

exports[`"cache" option should work with the "filesystem" value for the "cache.type" option and source maps: errors 1`] = `Array []`;

exports[`"cache" option should work with the "filesystem" value for the "cache.type" option and source maps: errors 2`] = `Array []`;

exports[`"cache" option should work with the "filesystem" value for the "cache.type" option and source maps: warnings 1`] = `Array []`;

exports[`"cache" option should work with the "filesystem" value for the "cache.type" option and source maps: warnings 2`] = `Array []`;

exports[`"cache" option should work with the "filesystem" value for the "cache.type" option: assets 1`] = `
Object {
  "five.css": "body{color:red;font-size:20px}a{color:blue}",
  "four.css": "h1{color:green}h2{color:#ff0}",
  "one.css": "a{text-align:center}",
  "three.css": "body{color:red;font-size:20px}a{color:blue}",
  "two.css": "a{text-align:center}",
}
`;

exports[`"cache" option should work with the "filesystem" value for the "cache.type" option: assets 2`] = `
Object {
  "five.css": "body{color:red;font-size:20px}a{color:blue}",
  "four.css": "h1{color:green}h2{color:#ff0}",
  "one.css": "a{text-align:center}",
  "three.css": "body{color:red;font-size:20px}a{color:blue}",
  "two.css": "a{text-align:center}",
}
`;

exports[`"cache" option should work with the "filesystem" value for the "cache.type" option: errors 1`] = `Array []`;

exports[`"cache" option should work with the "filesystem" value for the "cache.type" option: errors 2`] = `Array []`;

exports[`"cache" option should work with the "filesystem" value for the "cache.type" option: warnings 1`] = `Array []`;

exports[`"cache" option should work with the "filesystem" value for the "cache.type" option: warnings 2`] = `Array []`;

exports[`"cache" option should work with the "memory" value for the "cache.type" option: assets 1`] = `
Object {
  "five.css": "body{color:red;font-size:20px}a{color:blue}",
  "four.css": "h1{color:green}h2{color:#ff0}",
  "one.css": "a{text-align:center}",
  "three.css": "body{color:red;font-size:20px}a{color:blue}",
  "two.css": "a{text-align:center}",
}
`;

exports[`"cache" option should work with the "memory" value for the "cache.type" option: assets 2`] = `
Object {
  "five.css": "body{color:red;font-size:20px}a{color:blue}",
  "four.css": "h1{color:green}h2{color:#ff0}",
  "one.css": "a{text-align:center}",
  "three.css": "body{color:red;font-size:20px}a{color:blue}",
  "two.css": "a{text-align:center}",
}
`;

exports[`"cache" option should work with the "memory" value for the "cache.type" option: errors 1`] = `Array []`;

exports[`"cache" option should work with the "memory" value for the "cache.type" option: errors 2`] = `Array []`;

exports[`"cache" option should work with the "memory" value for the "cache.type" option: warnings 1`] = `Array []`;

exports[`"cache" option should work with the "memory" value for the "cache.type" option: warnings 2`] = `Array []`;
