// Jest Snapshot v1, https://goo.gl/fbAQLP

exports[`warningsFilter option should match snapshot for a "function" value: assets 1`] = `
Object {
  "bar1.css": "body {
  color: red;
}
body {
  color: red;
  font-size: 20px;
}
a {
  color: blue;
}

",
  "bar2.css": "h1 {
  color: green;
}
h2 {
  color: yellow;
}
h3 {
}

",
  "foo.css": "a {
  text-align: center;
}

",
}
`;

exports[`warningsFilter option should match snapshot for a "function" value: errors 1`] = `Array []`;

exports[`warningsFilter option should match snapshot for a "function" value: warnings 1`] = `
Array [
  "Warning: Css Minimizer Plugin: warning-plugin: Warning from bar1.css",
  "Warning: Css Minimizer Plugin: warning-plugin: Warning from bar2.css",
]
`;
