// Jest Snapshot v1, https://goo.gl/fbAQLP

exports[`worker should emit error: error 1`] = `
[
  "/entry.css:1:1: Unknown word false",
]
`;

exports[`worker should minify css: result 1`] = `
{
  "errors": [],
  "outputs": [
    {
      "code": ".foo{color:red}.bar{color:coral}",
      "map": {
        "file": "entry.css",
        "mappings": "AAAA,KAAK,SAAU,CACf,KAAK,WAAY",
        "names": [],
        "sources": [
          "entry.css",
        ],
        "sourcesContent": [
          ".foo{color:red;}
.bar{color:coral;}",
        ],
        "version": 3,
      },
    },
  ],
  "warnings": [],
}
`;

exports[`worker should work inputSourceMap as prev: result 1`] = `
{
  "errors": [],
  "outputs": [
    {
      "code": ".foo{color:red}.bar{color:coral}",
      "map": {
        "file": "entry.css",
        "mappings": "AAAA,KAAK,SAAU,CACf,KAAK,WAAY",
        "names": [],
        "sources": [
          "entry.css",
        ],
        "sourcesContent": [
          ".foo{color:red;}
.bar{color:coral;}",
        ],
        "version": 3,
      },
    },
  ],
  "warnings": [],
}
`;

exports[`worker should work options.minify function: result 1`] = `
{
  "errors": [],
  "outputs": [
    {
      "code": ".minify {};",
      "map": undefined,
    },
  ],
  "warnings": [],
}
`;
